// Jest Snapshot v1, https://goo.gl/fbAQLP

exports[`LoginPass component should render LoginPass component 1`] = `
Object {
  "asFragment": [Function],
  "baseElement": <body>
    <div>
      <div
        class="DivPadding"
      >
        <form>
          <div>
            <div
              style="width: 250px; display: flex; justify-content: space-between;"
            >
              Login
              <input
                data-testid="login"
                id="login"
                type="text"
                value=""
              />
            </div>
            <div />
            <div
              style="width: 250px; display: flex; justify-content: space-between;"
            >
              Password
              <input
                data-testid="password"
                id="password"
                type="text"
                value=""
              />
            </div>
            <div />
          </div>
          <button
            data-testid="button"
            type="submit"
          >
            Войти
          </button>
        </form>
      </div>
    </div>
  </body>,
  "container": <div>
    <div
      class="DivPadding"
    >
      <form>
        <div>
          <div
            style="width: 250px; display: flex; justify-content: space-between;"
          >
            Login
            <input
              data-testid="login"
              id="login"
              type="text"
              value=""
            />
          </div>
          <div />
          <div
            style="width: 250px; display: flex; justify-content: space-between;"
          >
            Password
            <input
              data-testid="password"
              id="password"
              type="text"
              value=""
            />
          </div>
          <div />
        </div>
        <button
          data-testid="button"
          type="submit"
        >
          Войти
        </button>
      </form>
    </div>
  </div>,
  "debug": [Function],
  "findAllByAltText": [Function],
  "findAllByDisplayValue": [Function],
  "findAllByLabelText": [Function],
  "findAllByPlaceholderText": [Function],
  "findAllByRole": [Function],
  "findAllByTestId": [Function],
  "findAllByText": [Function],
  "findAllByTitle": [Function],
  "findByAltText": [Function],
  "findByDisplayValue": [Function],
  "findByLabelText": [Function],
  "findByPlaceholderText": [Function],
  "findByRole": [Function],
  "findByTestId": [Function],
  "findByText": [Function],
  "findByTitle": [Function],
  "getAllByAltText": [Function],
  "getAllByDisplayValue": [Function],
  "getAllByLabelText": [Function],
  "getAllByPlaceholderText": [Function],
  "getAllByRole": [Function],
  "getAllByTestId": [Function],
  "getAllByText": [Function],
  "getAllByTitle": [Function],
  "getByAltText": [Function],
  "getByDisplayValue": [Function],
  "getByLabelText": [Function],
  "getByPlaceholderText": [Function],
  "getByRole": [Function],
  "getByTestId": [Function],
  "getByText": [Function],
  "getByTitle": [Function],
  "queryAllByAltText": [Function],
  "queryAllByDisplayValue": [Function],
  "queryAllByLabelText": [Function],
  "queryAllByPlaceholderText": [Function],
  "queryAllByRole": [Function],
  "queryAllByTestId": [Function],
  "queryAllByText": [Function],
  "queryAllByTitle": [Function],
  "queryByAltText": [Function],
  "queryByDisplayValue": [Function],
  "queryByLabelText": [Function],
  "queryByPlaceholderText": [Function],
  "queryByRole": [Function],
  "queryByTestId": [Function],
  "queryByText": [Function],
  "queryByTitle": [Function],
  "rerender": [Function],
  "unmount": [Function],
}
`;
