// Jest Snapshot v1, https://goo.gl/fbAQLP

exports[`OrderDetail component should render OrderDetail component 1`] = `
Object {
  "asFragment": [Function],
  "baseElement": <body>
    <div>
      <div
        style="box-sizing: border-box; background: white; height: 300px; width: 300px; border-radius: 10px; padding: 14px; display: flex; flex-direction: column;"
      >
        <div>
          <button
            class="buttons"
            style="background: red; height: 20px; width: 20px; border-radius: 10px;"
            type="button"
          >
            X
          </button>
        </div>
        <div>
          <h3
            data-testid="h3"
            style="height: 50px;"
          >
            Война и мир - Л.Н.Толстой
          </h3>
        </div>
        <div>
          Price
           
          800
           
          /
           
          800
        </div>
        <div
          style="margin-top: 25px;"
        >
          Quanity
           
          1
        </div>
        <div>
          <a
            href="101"
          >
            Readmore
          </a>
        </div>
        <div
          style="margin-top: 25px;"
        >
          <div
            style="display: flex; justify-content: space-between;"
          >
            <button
              data-testid="button-"
              style="background: red; height: 45px; width: 45px; border-radius: 10px;"
              type="button"
            >
              <span
                style="color: white; font-size: 30px;"
              >
                -
              </span>
            </button>
            <input
              data-testid="input"
              type="hidden"
              value="1"
            />
            <button
              data-testid="button+"
              style="background: green; height: 45px; width: 45px; border-radius: 10px;"
              type="button"
            >
              <span
                style="color: white; font-size: 30px;"
              >
                +
              </span>
            </button>
          </div>
        </div>
      </div>
    </div>
  </body>,
  "container": <div>
    <div
      style="box-sizing: border-box; background: white; height: 300px; width: 300px; border-radius: 10px; padding: 14px; display: flex; flex-direction: column;"
    >
      <div>
        <button
          class="buttons"
          style="background: red; height: 20px; width: 20px; border-radius: 10px;"
          type="button"
        >
          X
        </button>
      </div>
      <div>
        <h3
          data-testid="h3"
          style="height: 50px;"
        >
          Война и мир - Л.Н.Толстой
        </h3>
      </div>
      <div>
        Price
         
        800
         
        /
         
        800
      </div>
      <div
        style="margin-top: 25px;"
      >
        Quanity
         
        1
      </div>
      <div>
        <a
          href="101"
        >
          Readmore
        </a>
      </div>
      <div
        style="margin-top: 25px;"
      >
        <div
          style="display: flex; justify-content: space-between;"
        >
          <button
            data-testid="button-"
            style="background: red; height: 45px; width: 45px; border-radius: 10px;"
            type="button"
          >
            <span
              style="color: white; font-size: 30px;"
            >
              -
            </span>
          </button>
          <input
            data-testid="input"
            type="hidden"
            value="1"
          />
          <button
            data-testid="button+"
            style="background: green; height: 45px; width: 45px; border-radius: 10px;"
            type="button"
          >
            <span
              style="color: white; font-size: 30px;"
            >
              +
            </span>
          </button>
        </div>
      </div>
    </div>
  </div>,
  "debug": [Function],
  "findAllByAltText": [Function],
  "findAllByDisplayValue": [Function],
  "findAllByLabelText": [Function],
  "findAllByPlaceholderText": [Function],
  "findAllByRole": [Function],
  "findAllByTestId": [Function],
  "findAllByText": [Function],
  "findAllByTitle": [Function],
  "findByAltText": [Function],
  "findByDisplayValue": [Function],
  "findByLabelText": [Function],
  "findByPlaceholderText": [Function],
  "findByRole": [Function],
  "findByTestId": [Function],
  "findByText": [Function],
  "findByTitle": [Function],
  "getAllByAltText": [Function],
  "getAllByDisplayValue": [Function],
  "getAllByLabelText": [Function],
  "getAllByPlaceholderText": [Function],
  "getAllByRole": [Function],
  "getAllByTestId": [Function],
  "getAllByText": [Function],
  "getAllByTitle": [Function],
  "getByAltText": [Function],
  "getByDisplayValue": [Function],
  "getByLabelText": [Function],
  "getByPlaceholderText": [Function],
  "getByRole": [Function],
  "getByTestId": [Function],
  "getByText": [Function],
  "getByTitle": [Function],
  "queryAllByAltText": [Function],
  "queryAllByDisplayValue": [Function],
  "queryAllByLabelText": [Function],
  "queryAllByPlaceholderText": [Function],
  "queryAllByRole": [Function],
  "queryAllByTestId": [Function],
  "queryAllByText": [Function],
  "queryAllByTitle": [Function],
  "queryByAltText": [Function],
  "queryByDisplayValue": [Function],
  "queryByLabelText": [Function],
  "queryByPlaceholderText": [Function],
  "queryByRole": [Function],
  "queryByTestId": [Function],
  "queryByText": [Function],
  "queryByTitle": [Function],
  "rerender": [Function],
  "unmount": [Function],
}
`;
